// Jest Snapshot v1, https://goo.gl/fbAQLP

exports[`All components in on the Main(landing) page render correctly <Home/> 1`] = `
<div
  aria-label="carousel slide"
  class="mb-5 carousel slide"
>
  <ol
    class="carousel-indicators"
  >
    <li
      class="active"
    />
    <li />
    <li />
  </ol>
  <div
    class="carousel-inner"
  >
    <div
      class="active carousel-item"
    >
      <img
        alt="First slide"
        class="sc-bZQynM fyaQNJ"
        src="city5.jpg"
      />
      <div
        aria-label="first slide caption says"
        class="carousel-caption"
      >
        <h3>
          Welcome to RecommendIt!
        </h3>
      </div>
    </div>
    <div
      class="carousel-item"
    >
      <img
        alt="Second slide"
        class="sc-bZQynM fyaQNJ"
        src="city3.jpg"
      />
      <div
        aria-label="second slide caption says"
        class="carousel-caption"
      >
        <h3>
          Browse categories for recommendations or create your own!
        </h3>
      </div>
    </div>
    <div
      class="carousel-item"
    >
      <img
        alt="Third slide"
        class="sc-bZQynM fyaQNJ"
        src="city4.jpg"
      />
      <div
        aria-label="third slide caption says"
        class="carousel-caption"
      >
        <h3>
          Comment on recommendations!
        </h3>
      </div>
    </div>
  </div>
  <a
    class="carousel-control-prev"
    href="#"
    role="button"
  >
    <span
      aria-hidden="true"
      class="carousel-control-prev-icon"
    />
    <span
      class="sr-only"
    >
      Previous
    </span>
  </a>
  <a
    class="carousel-control-next"
    href="#"
    role="button"
  >
    <span
      aria-hidden="true"
      class="carousel-control-next-icon"
    />
    <span
      class="sr-only"
    >
      Next
    </span>
  </a>
</div>
`;
